PsiJetFileStubImpl[package=some.test]
  PACKAGE_DIRECTIVE:
    DOT_QUALIFIED_EXPRESSION:
      NAME_REFERENCE_EXPRESSION:[referencedName=some]
      NAME_REFERENCE_EXPRESSION:[referencedName=test]
  IMPORT_LIST:
